------------------------------------------------------------
TimeQuest Timing Analyzer Summary
------------------------------------------------------------

Type  : Slow 1100mV 85C Model Setup 'Pyramic_Array:u0|Pyramic_Array_hps_0:hps_0|Pyramic_Array_hps_0_hps_io:hps_io|Pyramic_Array_hps_0_hps_io_border:border|hps_sdram:hps_sdram_inst|hps_sdram_pll:pll|afi_clk_write_clk'
Slack : 1.730
TNS   : 0.000

Type  : Slow 1100mV 85C Model Setup 'altera_reserved_tck'
Slack : 12.173
TNS   : 0.000

Type  : Slow 1100mV 85C Model Hold 'Pyramic_Array:u0|Pyramic_Array_hps_0:hps_0|Pyramic_Array_hps_0_hps_io:hps_io|Pyramic_Array_hps_0_hps_io_border:border|hps_sdram:hps_sdram_inst|hps_sdram_pll:pll|afi_clk_write_clk'
Slack : 0.143
TNS   : 0.000

Type  : Slow 1100mV 85C Model Hold 'altera_reserved_tck'
Slack : 0.664
TNS   : 0.000

Type  : Slow 1100mV 85C Model Recovery 'Pyramic_Array:u0|Pyramic_Array_hps_0:hps_0|Pyramic_Array_hps_0_hps_io:hps_io|Pyramic_Array_hps_0_hps_io_border:border|hps_sdram:hps_sdram_inst|hps_sdram_pll:pll|afi_clk_write_clk'
Slack : 3.375
TNS   : 0.000

Type  : Slow 1100mV 85C Model Recovery 'altera_reserved_tck'
Slack : 14.956
TNS   : 0.000

Type  : Slow 1100mV 85C Model Removal 'Pyramic_Array:u0|Pyramic_Array_hps_0:hps_0|Pyramic_Array_hps_0_hps_io:hps_io|Pyramic_Array_hps_0_hps_io_border:border|hps_sdram:hps_sdram_inst|hps_sdram_pll:pll|afi_clk_write_clk'
Slack : 0.470
TNS   : 0.000

Type  : Slow 1100mV 85C Model Removal 'altera_reserved_tck'
Slack : 0.908
TNS   : 0.000

Type  : Slow 1100mV 85C Model Minimum Pulse Width 'Pyramic_Array:u0|Pyramic_Array_hps_0:hps_0|Pyramic_Array_hps_0_hps_io:hps_io|Pyramic_Array_hps_0_hps_io_border:border|hps_sdram:hps_sdram_inst|hps_sdram_pll:pll|pll_write_clk_dq_write_clk'
Slack : 0.608
TNS   : 0.000

Type  : Slow 1100mV 85C Model Minimum Pulse Width 'Pyramic_Array:u0|Pyramic_Array_hps_0:hps_0|Pyramic_Array_hps_0_hps_io:hps_io|Pyramic_Array_hps_0_hps_io_border:border|hps_sdram:hps_sdram_inst|hps_sdram_pll:pll|afi_clk_write_clk'
Slack : 0.623
TNS   : 0.000

Type  : Slow 1100mV 85C Model Minimum Pulse Width 'altera_reserved_tck'
Slack : 15.563
TNS   : 0.000

Type  : Slow 1100mV 0C Model Setup 'Pyramic_Array:u0|Pyramic_Array_hps_0:hps_0|Pyramic_Array_hps_0_hps_io:hps_io|Pyramic_Array_hps_0_hps_io_border:border|hps_sdram:hps_sdram_inst|hps_sdram_pll:pll|afi_clk_write_clk'
Slack : 1.727
TNS   : 0.000

Type  : Slow 1100mV 0C Model Setup 'altera_reserved_tck'
Slack : 12.279
TNS   : 0.000

Type  : Slow 1100mV 0C Model Hold 'Pyramic_Array:u0|Pyramic_Array_hps_0:hps_0|Pyramic_Array_hps_0_hps_io:hps_io|Pyramic_Array_hps_0_hps_io_border:border|hps_sdram:hps_sdram_inst|hps_sdram_pll:pll|afi_clk_write_clk'
Slack : 0.162
TNS   : 0.000

Type  : Slow 1100mV 0C Model Hold 'altera_reserved_tck'
Slack : 0.657
TNS   : 0.000

Type  : Slow 1100mV 0C Model Recovery 'Pyramic_Array:u0|Pyramic_Array_hps_0:hps_0|Pyramic_Array_hps_0_hps_io:hps_io|Pyramic_Array_hps_0_hps_io_border:border|hps_sdram:hps_sdram_inst|hps_sdram_pll:pll|afi_clk_write_clk'
Slack : 3.468
TNS   : 0.000

Type  : Slow 1100mV 0C Model Recovery 'altera_reserved_tck'
Slack : 15.090
TNS   : 0.000

Type  : Slow 1100mV 0C Model Removal 'Pyramic_Array:u0|Pyramic_Array_hps_0:hps_0|Pyramic_Array_hps_0_hps_io:hps_io|Pyramic_Array_hps_0_hps_io_border:border|hps_sdram:hps_sdram_inst|hps_sdram_pll:pll|afi_clk_write_clk'
Slack : 0.460
TNS   : 0.000

Type  : Slow 1100mV 0C Model Removal 'altera_reserved_tck'
Slack : 0.857
TNS   : 0.000

Type  : Slow 1100mV 0C Model Minimum Pulse Width 'Pyramic_Array:u0|Pyramic_Array_hps_0:hps_0|Pyramic_Array_hps_0_hps_io:hps_io|Pyramic_Array_hps_0_hps_io_border:border|hps_sdram:hps_sdram_inst|hps_sdram_pll:pll|pll_write_clk_dq_write_clk'
Slack : 0.613
TNS   : 0.000

Type  : Slow 1100mV 0C Model Minimum Pulse Width 'Pyramic_Array:u0|Pyramic_Array_hps_0:hps_0|Pyramic_Array_hps_0_hps_io:hps_io|Pyramic_Array_hps_0_hps_io_border:border|hps_sdram:hps_sdram_inst|hps_sdram_pll:pll|afi_clk_write_clk'
Slack : 0.630
TNS   : 0.000

Type  : Slow 1100mV 0C Model Minimum Pulse Width 'altera_reserved_tck'
Slack : 15.551
TNS   : 0.000

Type  : Fast 1100mV 85C Model Setup 'Pyramic_Array:u0|Pyramic_Array_hps_0:hps_0|Pyramic_Array_hps_0_hps_io:hps_io|Pyramic_Array_hps_0_hps_io_border:border|hps_sdram:hps_sdram_inst|hps_sdram_pll:pll|afi_clk_write_clk'
Slack : 2.110
TNS   : 0.000

Type  : Fast 1100mV 85C Model Setup 'altera_reserved_tck'
Slack : 14.306
TNS   : 0.000

Type  : Fast 1100mV 85C Model Hold 'Pyramic_Array:u0|Pyramic_Array_hps_0:hps_0|Pyramic_Array_hps_0_hps_io:hps_io|Pyramic_Array_hps_0_hps_io_border:border|hps_sdram:hps_sdram_inst|hps_sdram_pll:pll|afi_clk_write_clk'
Slack : 0.084
TNS   : 0.000

Type  : Fast 1100mV 85C Model Hold 'altera_reserved_tck'
Slack : 0.295
TNS   : 0.000

Type  : Fast 1100mV 85C Model Recovery 'Pyramic_Array:u0|Pyramic_Array_hps_0:hps_0|Pyramic_Array_hps_0_hps_io:hps_io|Pyramic_Array_hps_0_hps_io_border:border|hps_sdram:hps_sdram_inst|hps_sdram_pll:pll|afi_clk_write_clk'
Slack : 3.727
TNS   : 0.000

Type  : Fast 1100mV 85C Model Recovery 'altera_reserved_tck'
Slack : 16.035
TNS   : 0.000

Type  : Fast 1100mV 85C Model Removal 'altera_reserved_tck'
Slack : 0.445
TNS   : 0.000

Type  : Fast 1100mV 85C Model Removal 'Pyramic_Array:u0|Pyramic_Array_hps_0:hps_0|Pyramic_Array_hps_0_hps_io:hps_io|Pyramic_Array_hps_0_hps_io_border:border|hps_sdram:hps_sdram_inst|hps_sdram_pll:pll|afi_clk_write_clk'
Slack : 0.497
TNS   : 0.000

Type  : Fast 1100mV 85C Model Minimum Pulse Width 'Pyramic_Array:u0|Pyramic_Array_hps_0:hps_0|Pyramic_Array_hps_0_hps_io:hps_io|Pyramic_Array_hps_0_hps_io_border:border|hps_sdram:hps_sdram_inst|hps_sdram_pll:pll|pll_write_clk_dq_write_clk'
Slack : 0.883
TNS   : 0.000

Type  : Fast 1100mV 85C Model Minimum Pulse Width 'Pyramic_Array:u0|Pyramic_Array_hps_0:hps_0|Pyramic_Array_hps_0_hps_io:hps_io|Pyramic_Array_hps_0_hps_io_border:border|hps_sdram:hps_sdram_inst|hps_sdram_pll:pll|afi_clk_write_clk'
Slack : 0.891
TNS   : 0.000

Type  : Fast 1100mV 85C Model Minimum Pulse Width 'altera_reserved_tck'
Slack : 15.474
TNS   : 0.000

Type  : Fast 1100mV 0C Model Setup 'Pyramic_Array:u0|Pyramic_Array_hps_0:hps_0|Pyramic_Array_hps_0_hps_io:hps_io|Pyramic_Array_hps_0_hps_io_border:border|hps_sdram:hps_sdram_inst|hps_sdram_pll:pll|afi_clk_write_clk'
Slack : 2.110
TNS   : 0.000

Type  : Fast 1100mV 0C Model Setup 'altera_reserved_tck'
Slack : 14.622
TNS   : 0.000

Type  : Fast 1100mV 0C Model Hold 'Pyramic_Array:u0|Pyramic_Array_hps_0:hps_0|Pyramic_Array_hps_0_hps_io:hps_io|Pyramic_Array_hps_0_hps_io_border:border|hps_sdram:hps_sdram_inst|hps_sdram_pll:pll|afi_clk_write_clk'
Slack : 0.077
TNS   : 0.000

Type  : Fast 1100mV 0C Model Hold 'altera_reserved_tck'
Slack : 0.268
TNS   : 0.000

Type  : Fast 1100mV 0C Model Recovery 'Pyramic_Array:u0|Pyramic_Array_hps_0:hps_0|Pyramic_Array_hps_0_hps_io:hps_io|Pyramic_Array_hps_0_hps_io_border:border|hps_sdram:hps_sdram_inst|hps_sdram_pll:pll|afi_clk_write_clk'
Slack : 3.825
TNS   : 0.000

Type  : Fast 1100mV 0C Model Recovery 'altera_reserved_tck'
Slack : 16.189
TNS   : 0.000

Type  : Fast 1100mV 0C Model Removal 'altera_reserved_tck'
Slack : 0.394
TNS   : 0.000

Type  : Fast 1100mV 0C Model Removal 'Pyramic_Array:u0|Pyramic_Array_hps_0:hps_0|Pyramic_Array_hps_0_hps_io:hps_io|Pyramic_Array_hps_0_hps_io_border:border|hps_sdram:hps_sdram_inst|hps_sdram_pll:pll|afi_clk_write_clk'
Slack : 0.473
TNS   : 0.000

Type  : Fast 1100mV 0C Model Minimum Pulse Width 'Pyramic_Array:u0|Pyramic_Array_hps_0:hps_0|Pyramic_Array_hps_0_hps_io:hps_io|Pyramic_Array_hps_0_hps_io_border:border|hps_sdram:hps_sdram_inst|hps_sdram_pll:pll|pll_write_clk_dq_write_clk'
Slack : 0.887
TNS   : 0.000

Type  : Fast 1100mV 0C Model Minimum Pulse Width 'Pyramic_Array:u0|Pyramic_Array_hps_0:hps_0|Pyramic_Array_hps_0_hps_io:hps_io|Pyramic_Array_hps_0_hps_io_border:border|hps_sdram:hps_sdram_inst|hps_sdram_pll:pll|afi_clk_write_clk'
Slack : 0.894
TNS   : 0.000

Type  : Fast 1100mV 0C Model Minimum Pulse Width 'altera_reserved_tck'
Slack : 15.456
TNS   : 0.000

------------------------------------------------------------
Info: see the "DDR report" for DDR timing results
------------------------------------------------------------
------------------------------------------------------------
