------------------------------------------------------------
TimeQuest Timing Analyzer Summary
------------------------------------------------------------

Type  : Slow 1100mV 85C Model Setup 'Pyramic_Array:u0|Pyramic_Array_hps_0:hps_0|Pyramic_Array_hps_0_hps_io:hps_io|Pyramic_Array_hps_0_hps_io_border:border|hps_sdram:hps_sdram_inst|hps_sdram_pll:pll|afi_clk_write_clk'
Slack : 1.730
TNS   : 0.000

Type  : Slow 1100mV 85C Model Setup 'altera_reserved_tck'
Slack : 9.772
TNS   : 0.000

Type  : Slow 1100mV 85C Model Hold 'Pyramic_Array:u0|Pyramic_Array_hps_0:hps_0|Pyramic_Array_hps_0_hps_io:hps_io|Pyramic_Array_hps_0_hps_io_border:border|hps_sdram:hps_sdram_inst|hps_sdram_pll:pll|afi_clk_write_clk'
Slack : 0.143
TNS   : 0.000

Type  : Slow 1100mV 85C Model Hold 'altera_reserved_tck'
Slack : 0.361
TNS   : 0.000

Type  : Slow 1100mV 85C Model Recovery 'Pyramic_Array:u0|Pyramic_Array_hps_0:hps_0|Pyramic_Array_hps_0_hps_io:hps_io|Pyramic_Array_hps_0_hps_io_border:border|hps_sdram:hps_sdram_inst|hps_sdram_pll:pll|afi_clk_write_clk'
Slack : 3.375
TNS   : 0.000

Type  : Slow 1100mV 85C Model Recovery 'altera_reserved_tck'
Slack : 15.371
TNS   : 0.000

Type  : Slow 1100mV 85C Model Removal 'Pyramic_Array:u0|Pyramic_Array_hps_0:hps_0|Pyramic_Array_hps_0_hps_io:hps_io|Pyramic_Array_hps_0_hps_io_border:border|hps_sdram:hps_sdram_inst|hps_sdram_pll:pll|afi_clk_write_clk'
Slack : 0.470
TNS   : 0.000

Type  : Slow 1100mV 85C Model Removal 'altera_reserved_tck'
Slack : 0.909
TNS   : 0.000

Type  : Slow 1100mV 85C Model Minimum Pulse Width 'Pyramic_Array:u0|Pyramic_Array_hps_0:hps_0|Pyramic_Array_hps_0_hps_io:hps_io|Pyramic_Array_hps_0_hps_io_border:border|hps_sdram:hps_sdram_inst|hps_sdram_pll:pll|pll_write_clk_dq_write_clk'
Slack : 0.608
TNS   : 0.000

Type  : Slow 1100mV 85C Model Minimum Pulse Width 'Pyramic_Array:u0|Pyramic_Array_hps_0:hps_0|Pyramic_Array_hps_0_hps_io:hps_io|Pyramic_Array_hps_0_hps_io_border:border|hps_sdram:hps_sdram_inst|hps_sdram_pll:pll|afi_clk_write_clk'
Slack : 0.623
TNS   : 0.000

Type  : Slow 1100mV 85C Model Minimum Pulse Width 'altera_reserved_tck'
Slack : 15.243
TNS   : 0.000

Type  : Slow 1100mV 0C Model Setup 'Pyramic_Array:u0|Pyramic_Array_hps_0:hps_0|Pyramic_Array_hps_0_hps_io:hps_io|Pyramic_Array_hps_0_hps_io_border:border|hps_sdram:hps_sdram_inst|hps_sdram_pll:pll|afi_clk_write_clk'
Slack : 1.727
TNS   : 0.000

Type  : Slow 1100mV 0C Model Setup 'altera_reserved_tck'
Slack : 10.045
TNS   : 0.000

Type  : Slow 1100mV 0C Model Hold 'Pyramic_Array:u0|Pyramic_Array_hps_0:hps_0|Pyramic_Array_hps_0_hps_io:hps_io|Pyramic_Array_hps_0_hps_io_border:border|hps_sdram:hps_sdram_inst|hps_sdram_pll:pll|afi_clk_write_clk'
Slack : 0.162
TNS   : 0.000

Type  : Slow 1100mV 0C Model Hold 'altera_reserved_tck'
Slack : 0.375
TNS   : 0.000

Type  : Slow 1100mV 0C Model Recovery 'Pyramic_Array:u0|Pyramic_Array_hps_0:hps_0|Pyramic_Array_hps_0_hps_io:hps_io|Pyramic_Array_hps_0_hps_io_border:border|hps_sdram:hps_sdram_inst|hps_sdram_pll:pll|afi_clk_write_clk'
Slack : 3.468
TNS   : 0.000

Type  : Slow 1100mV 0C Model Recovery 'altera_reserved_tck'
Slack : 15.444
TNS   : 0.000

Type  : Slow 1100mV 0C Model Removal 'Pyramic_Array:u0|Pyramic_Array_hps_0:hps_0|Pyramic_Array_hps_0_hps_io:hps_io|Pyramic_Array_hps_0_hps_io_border:border|hps_sdram:hps_sdram_inst|hps_sdram_pll:pll|afi_clk_write_clk'
Slack : 0.460
TNS   : 0.000

Type  : Slow 1100mV 0C Model Removal 'altera_reserved_tck'
Slack : 0.848
TNS   : 0.000

Type  : Slow 1100mV 0C Model Minimum Pulse Width 'Pyramic_Array:u0|Pyramic_Array_hps_0:hps_0|Pyramic_Array_hps_0_hps_io:hps_io|Pyramic_Array_hps_0_hps_io_border:border|hps_sdram:hps_sdram_inst|hps_sdram_pll:pll|pll_write_clk_dq_write_clk'
Slack : 0.613
TNS   : 0.000

Type  : Slow 1100mV 0C Model Minimum Pulse Width 'Pyramic_Array:u0|Pyramic_Array_hps_0:hps_0|Pyramic_Array_hps_0_hps_io:hps_io|Pyramic_Array_hps_0_hps_io_border:border|hps_sdram:hps_sdram_inst|hps_sdram_pll:pll|afi_clk_write_clk'
Slack : 0.630
TNS   : 0.000

Type  : Slow 1100mV 0C Model Minimum Pulse Width 'altera_reserved_tck'
Slack : 15.234
TNS   : 0.000

Type  : Fast 1100mV 85C Model Setup 'Pyramic_Array:u0|Pyramic_Array_hps_0:hps_0|Pyramic_Array_hps_0_hps_io:hps_io|Pyramic_Array_hps_0_hps_io_border:border|hps_sdram:hps_sdram_inst|hps_sdram_pll:pll|afi_clk_write_clk'
Slack : 2.110
TNS   : 0.000

Type  : Fast 1100mV 85C Model Setup 'altera_reserved_tck'
Slack : 12.890
TNS   : 0.000

Type  : Fast 1100mV 85C Model Hold 'Pyramic_Array:u0|Pyramic_Array_hps_0:hps_0|Pyramic_Array_hps_0_hps_io:hps_io|Pyramic_Array_hps_0_hps_io_border:border|hps_sdram:hps_sdram_inst|hps_sdram_pll:pll|afi_clk_write_clk'
Slack : 0.084
TNS   : 0.000

Type  : Fast 1100mV 85C Model Hold 'altera_reserved_tck'
Slack : 0.177
TNS   : 0.000

Type  : Fast 1100mV 85C Model Recovery 'Pyramic_Array:u0|Pyramic_Array_hps_0:hps_0|Pyramic_Array_hps_0_hps_io:hps_io|Pyramic_Array_hps_0_hps_io_border:border|hps_sdram:hps_sdram_inst|hps_sdram_pll:pll|afi_clk_write_clk'
Slack : 3.727
TNS   : 0.000

Type  : Fast 1100mV 85C Model Recovery 'altera_reserved_tck'
Slack : 16.461
TNS   : 0.000

Type  : Fast 1100mV 85C Model Removal 'altera_reserved_tck'
Slack : 0.483
TNS   : 0.000

Type  : Fast 1100mV 85C Model Removal 'Pyramic_Array:u0|Pyramic_Array_hps_0:hps_0|Pyramic_Array_hps_0_hps_io:hps_io|Pyramic_Array_hps_0_hps_io_border:border|hps_sdram:hps_sdram_inst|hps_sdram_pll:pll|afi_clk_write_clk'
Slack : 0.497
TNS   : 0.000

Type  : Fast 1100mV 85C Model Minimum Pulse Width 'Pyramic_Array:u0|Pyramic_Array_hps_0:hps_0|Pyramic_Array_hps_0_hps_io:hps_io|Pyramic_Array_hps_0_hps_io_border:border|hps_sdram:hps_sdram_inst|hps_sdram_pll:pll|pll_write_clk_dq_write_clk'
Slack : 0.883
TNS   : 0.000

Type  : Fast 1100mV 85C Model Minimum Pulse Width 'Pyramic_Array:u0|Pyramic_Array_hps_0:hps_0|Pyramic_Array_hps_0_hps_io:hps_io|Pyramic_Array_hps_0_hps_io_border:border|hps_sdram:hps_sdram_inst|hps_sdram_pll:pll|afi_clk_write_clk'
Slack : 0.891
TNS   : 0.000

Type  : Fast 1100mV 85C Model Minimum Pulse Width 'altera_reserved_tck'
Slack : 14.818
TNS   : 0.000

Type  : Fast 1100mV 0C Model Setup 'Pyramic_Array:u0|Pyramic_Array_hps_0:hps_0|Pyramic_Array_hps_0_hps_io:hps_io|Pyramic_Array_hps_0_hps_io_border:border|hps_sdram:hps_sdram_inst|hps_sdram_pll:pll|afi_clk_write_clk'
Slack : 2.110
TNS   : 0.000

Type  : Fast 1100mV 0C Model Setup 'altera_reserved_tck'
Slack : 13.418
TNS   : 0.000

Type  : Fast 1100mV 0C Model Hold 'Pyramic_Array:u0|Pyramic_Array_hps_0:hps_0|Pyramic_Array_hps_0_hps_io:hps_io|Pyramic_Array_hps_0_hps_io_border:border|hps_sdram:hps_sdram_inst|hps_sdram_pll:pll|afi_clk_write_clk'
Slack : 0.077
TNS   : 0.000

Type  : Fast 1100mV 0C Model Hold 'altera_reserved_tck'
Slack : 0.169
TNS   : 0.000

Type  : Fast 1100mV 0C Model Recovery 'Pyramic_Array:u0|Pyramic_Array_hps_0:hps_0|Pyramic_Array_hps_0_hps_io:hps_io|Pyramic_Array_hps_0_hps_io_border:border|hps_sdram:hps_sdram_inst|hps_sdram_pll:pll|afi_clk_write_clk'
Slack : 3.825
TNS   : 0.000

Type  : Fast 1100mV 0C Model Recovery 'altera_reserved_tck'
Slack : 16.575
TNS   : 0.000

Type  : Fast 1100mV 0C Model Removal 'altera_reserved_tck'
Slack : 0.431
TNS   : 0.000

Type  : Fast 1100mV 0C Model Removal 'Pyramic_Array:u0|Pyramic_Array_hps_0:hps_0|Pyramic_Array_hps_0_hps_io:hps_io|Pyramic_Array_hps_0_hps_io_border:border|hps_sdram:hps_sdram_inst|hps_sdram_pll:pll|afi_clk_write_clk'
Slack : 0.473
TNS   : 0.000

Type  : Fast 1100mV 0C Model Minimum Pulse Width 'Pyramic_Array:u0|Pyramic_Array_hps_0:hps_0|Pyramic_Array_hps_0_hps_io:hps_io|Pyramic_Array_hps_0_hps_io_border:border|hps_sdram:hps_sdram_inst|hps_sdram_pll:pll|pll_write_clk_dq_write_clk'
Slack : 0.887
TNS   : 0.000

Type  : Fast 1100mV 0C Model Minimum Pulse Width 'Pyramic_Array:u0|Pyramic_Array_hps_0:hps_0|Pyramic_Array_hps_0_hps_io:hps_io|Pyramic_Array_hps_0_hps_io_border:border|hps_sdram:hps_sdram_inst|hps_sdram_pll:pll|afi_clk_write_clk'
Slack : 0.894
TNS   : 0.000

Type  : Fast 1100mV 0C Model Minimum Pulse Width 'altera_reserved_tck'
Slack : 14.794
TNS   : 0.000

------------------------------------------------------------
Info: see the "DDR report" for DDR timing results
------------------------------------------------------------
------------------------------------------------------------
