Flow report for Pyramic_Array
Mon Nov 21 14:14:11 2016
Quartus Prime Version 16.0.0 Build 211 04/27/2016 SJ Lite Edition


---------------------
; Table of Contents ;
---------------------
  1. Legal Notice
  2. Flow Summary
  3. Flow Settings
  4. Flow Non-Default Global Settings
  5. Flow Elapsed Time
  6. Flow OS Summary
  7. Flow Log
  8. Flow Messages
  9. Flow Suppressed Messages



----------------
; Legal Notice ;
----------------
Copyright (C) 1991-2016 Altera Corporation. All rights reserved.
Your use of Altera Corporation's design tools, logic functions 
and other software and tools, and its AMPP partner logic 
functions, and any output files from any of the foregoing 
(including device programming or simulation files), and any 
associated documentation or information are expressly subject 
to the terms and conditions of the Altera Program License 
Subscription Agreement, the Altera Quartus Prime License Agreement,
the Altera MegaCore Function License Agreement, or other 
applicable license agreement, including, without limitation, 
that your use is for the sole purpose of programming logic 
devices manufactured by Altera and sold by Altera or its 
authorized distributors.  Please refer to the applicable 
agreement for further details.



+-------------------------------------------------------------------------------+
; Flow Summary                                                                  ;
+---------------------------------+---------------------------------------------+
; Flow Status                     ; Successful - Mon Nov 21 14:14:11 2016       ;
; Quartus Prime Version           ; 16.0.0 Build 211 04/27/2016 SJ Lite Edition ;
; Revision Name                   ; Pyramic_Array                               ;
; Top-level Entity Name           ; DE1_SoC_top_level                           ;
; Family                          ; Cyclone V                                   ;
; Device                          ; 5CSEMA5F31C6                                ;
; Timing Models                   ; Final                                       ;
; Logic utilization (in ALMs)     ; N/A                                         ;
; Total registers                 ; 4209                                        ;
; Total pins                      ; 201                                         ;
; Total virtual pins              ; 0                                           ;
; Total block memory bits         ; 511,700                                     ;
; Total DSP Blocks                ; 4                                           ;
; Total HSSI RX PCSs              ; 0                                           ;
; Total HSSI PMA RX Deserializers ; 0                                           ;
; Total HSSI TX PCSs              ; 0                                           ;
; Total HSSI PMA TX Serializers   ; 0                                           ;
; Total PLLs                      ; 2                                           ;
; Total DLLs                      ; 1                                           ;
+---------------------------------+---------------------------------------------+


+-----------------------------------------+
; Flow Settings                           ;
+-------------------+---------------------+
; Option            ; Setting             ;
+-------------------+---------------------+
; Start date & time ; 11/21/2016 14:08:52 ;
; Main task         ; Compilation         ;
; Revision Name     ; Pyramic_Array       ;
+-------------------+---------------------+


+--------------------------------------------------------------------------------------------------------------------------------------------------------------------------------------+
; Flow Non-Default Global Settings                                                                                                                                                     ;
+---------------------------------------+-----------------------------------------------------------------------------+---------------+-----------------------------------+------------+
; Assignment Name                       ; Value                                                                       ; Default Value ; Entity Name                       ; Section Id ;
+---------------------------------------+-----------------------------------------------------------------------------+---------------+-----------------------------------+------------+
; COMPILER_SIGNATURE_ID                 ; 0.147973372812017                                                           ; --            ; --                                ; --         ;
; ECO_REGENERATE_REPORT                 ; On                                                                          ; Off           ; --                                ; --         ;
; ENABLE_SIGNALTAP                      ; On                                                                          ; --            ; --                                ; --         ;
; HPS_ISW_FILE                          ; Pyramic_Array/synthesis/submodules/sequencer/sdram_io.pre.h                 ; --            ; Pyramic_Array_hps_0_hps_io_border ; --         ;
; HPS_ISW_FILE                          ; Pyramic_Array/synthesis/submodules/sequencer/alt_types.pre.h                ; --            ; Pyramic_Array_hps_0_hps_io_border ; --         ;
; HPS_ISW_FILE                          ; Pyramic_Array/synthesis/submodules/sequencer/system.pre.h                   ; --            ; Pyramic_Array_hps_0_hps_io_border ; --         ;
; HPS_ISW_FILE                          ; Pyramic_Array/synthesis/submodules/sequencer/sequencer.pre.c                ; --            ; Pyramic_Array_hps_0_hps_io_border ; --         ;
; HPS_ISW_FILE                          ; Pyramic_Array/synthesis/submodules/sequencer/sequencer.pre.h                ; --            ; Pyramic_Array_hps_0_hps_io_border ; --         ;
; HPS_ISW_FILE                          ; Pyramic_Array/synthesis/submodules/sequencer/tclrpt.pre.c                   ; --            ; Pyramic_Array_hps_0_hps_io_border ; --         ;
; HPS_ISW_FILE                          ; Pyramic_Array/synthesis/submodules/sequencer/tclrpt.pre.h                   ; --            ; Pyramic_Array_hps_0_hps_io_border ; --         ;
; HPS_ISW_FILE                          ; Pyramic_Array/synthesis/submodules/sequencer/sequencer_defines.pre.h        ; --            ; Pyramic_Array_hps_0_hps_io_border ; --         ;
; HPS_ISW_FILE                          ; Pyramic_Array/synthesis/submodules/sequencer/sequencer_auto_ac_init.pre.c   ; --            ; Pyramic_Array_hps_0_hps_io_border ; --         ;
; HPS_ISW_FILE                          ; Pyramic_Array/synthesis/submodules/sequencer/sequencer_auto_inst_init.pre.c ; --            ; Pyramic_Array_hps_0_hps_io_border ; --         ;
; HPS_ISW_FILE                          ; Pyramic_Array/synthesis/submodules/sequencer/sequencer_auto.pre.h           ; --            ; Pyramic_Array_hps_0_hps_io_border ; --         ;
; HPS_ISW_FILE                          ; Pyramic_Array/synthesis/submodules/sequencer/emif.pre.xml                   ; --            ; Pyramic_Array_hps_0_hps_io_border ; --         ;
; HPS_ISW_FILE                          ; Pyramic_Array/synthesis/submodules/hps.pre.xml                              ; --            ; Pyramic_Array_hps_0_hps_io_border ; --         ;
; HPS_PARTITION                         ; On                                                                          ; --            ; Pyramic_Array_hps_0_hps_io_border ; --         ;
; MAX_CORE_JUNCTION_TEMP                ; 85                                                                          ; --            ; --                                ; --         ;
; MIN_CORE_JUNCTION_TEMP                ; 0                                                                           ; --            ; --                                ; --         ;
; MISC_FILE                             ; Pyramic_Array/synthesis/../Pyramic_Array.cmp                                ; --            ; --                                ; --         ;
; MISC_FILE                             ; Pyramic_Array/synthesis/Pyramic_Array_hps_0_hps.svd                         ; --            ; --                                ; --         ;
; MISC_FILE                             ; Pyramic_Array/synthesis/../../Pyramic_Array.qsys                            ; --            ; --                                ; --         ;
; MISC_FILE                             ; Pyramic_Array/synthesis/submodules/sequencer/sdram_io.pre.h                 ; --            ; --                                ; --         ;
; MISC_FILE                             ; Pyramic_Array/synthesis/submodules/sequencer/alt_types.pre.h                ; --            ; --                                ; --         ;
; MISC_FILE                             ; Pyramic_Array/synthesis/submodules/sequencer/system.pre.h                   ; --            ; --                                ; --         ;
; MISC_FILE                             ; Pyramic_Array/synthesis/submodules/sequencer/sequencer.pre.c                ; --            ; --                                ; --         ;
; MISC_FILE                             ; Pyramic_Array/synthesis/submodules/sequencer/sequencer.pre.h                ; --            ; --                                ; --         ;
; MISC_FILE                             ; Pyramic_Array/synthesis/submodules/sequencer/tclrpt.pre.c                   ; --            ; --                                ; --         ;
; MISC_FILE                             ; Pyramic_Array/synthesis/submodules/sequencer/tclrpt.pre.h                   ; --            ; --                                ; --         ;
; MISC_FILE                             ; Pyramic_Array/synthesis/submodules/sequencer/sequencer_defines.pre.h        ; --            ; --                                ; --         ;
; MISC_FILE                             ; Pyramic_Array/synthesis/submodules/sequencer/sequencer_auto_ac_init.pre.c   ; --            ; --                                ; --         ;
; MISC_FILE                             ; Pyramic_Array/synthesis/submodules/sequencer/sequencer_auto_inst_init.pre.c ; --            ; --                                ; --         ;
; MISC_FILE                             ; Pyramic_Array/synthesis/submodules/sequencer/sequencer_auto.pre.h           ; --            ; --                                ; --         ;
; MISC_FILE                             ; Pyramic_Array/synthesis/submodules/sequencer/emif.pre.xml                   ; --            ; --                                ; --         ;
; MISC_FILE                             ; Pyramic_Array/synthesis/submodules/hps.pre.xml                              ; --            ; --                                ; --         ;
; PARTITION_COLOR                       ; 16764057                                                                    ; --            ; DE1_SoC_top_level                 ; Top        ;
; PARTITION_FITTER_PRESERVATION_LEVEL   ; PLACEMENT_AND_ROUTING                                                       ; --            ; DE1_SoC_top_level                 ; Top        ;
; PARTITION_NETLIST_TYPE                ; SOURCE                                                                      ; --            ; DE1_SoC_top_level                 ; Top        ;
; POWER_BOARD_THERMAL_MODEL             ; None (CONSERVATIVE)                                                         ; --            ; --                                ; --         ;
; POWER_PRESET_COOLING_SOLUTION         ; 23 MM HEAT SINK WITH 200 LFPM AIRFLOW                                       ; --            ; --                                ; --         ;
; PROJECT_OUTPUT_DIRECTORY              ; output_files                                                                ; --            ; --                                ; --         ;
; SLD_FILE                              ; Pyramic_Array/synthesis/Pyramic_Array.regmap                                ; --            ; --                                ; --         ;
; SLD_FILE                              ; Pyramic_Array/synthesis/Pyramic_Array.debuginfo                             ; --            ; --                                ; --         ;
; SLD_INFO                              ; QSYS_NAME Pyramic_Array HAS_SOPCINFO 1 GENERATION_ID 1479723420             ; --            ; --                                ; --         ;
; SOPCINFO_FILE                         ; Pyramic_Array/synthesis/../../Pyramic_Array.sopcinfo                        ; --            ; --                                ; --         ;
; SYNTHESIS_ONLY_QIP                    ; On                                                                          ; --            ; --                                ; --         ;
; TOP_LEVEL_ENTITY                      ; DE1_SoC_top_level                                                           ; Pyramic_Array ; --                                ; --         ;
; USE_DLL_FREQUENCY_FOR_DQS_DELAY_CHAIN ; On                                                                          ; Off           ; --                                ; --         ;
; USE_SIGNALTAP_FILE                    ; output_files/DMA_Test.stp                                                   ; --            ; --                                ; --         ;
+---------------------------------------+-----------------------------------------------------------------------------+---------------+-----------------------------------+------------+


+--------------------------------------------------------------------------------------------------------------------------+
; Flow Elapsed Time                                                                                                        ;
+----------------------+--------------+-------------------------+---------------------+------------------------------------+
; Module Name          ; Elapsed Time ; Average Processors Used ; Peak Virtual Memory ; Total CPU Time (on all processors) ;
+----------------------+--------------+-------------------------+---------------------+------------------------------------+
; Analysis & Synthesis ; 00:00:51     ; 1.0                     ; 1807 MB             ; 00:01:16                           ;
; Total                ; 00:00:51     ; --                      ; --                  ; 00:01:16                           ;
+----------------------+--------------+-------------------------+---------------------+------------------------------------+


+---------------------------------------------------------------------------------+
; Flow OS Summary                                                                 ;
+----------------------+------------------+---------+------------+----------------+
; Module Name          ; Machine Hostname ; OS Name ; OS Version ; Processor type ;
+----------------------+------------------+---------+------------+----------------+
; Analysis & Synthesis ; lappc21.epfl.ch  ; Red Hat ; Red Hat    ; x86_64         ;
+----------------------+------------------+---------+------------+----------------+


------------
; Flow Log ;
------------
quartus_map --read_settings_files=on --write_settings_files=off Pyramic_Array -c Pyramic_Array



